=ƒº¬ Browser Automation Agent GÇö Test Suite

GòÉGòÉGòÉGòÉGòÉGòÉGòÉGòÉGòÉGòÉGòÉGòÉGòÉGòÉGòÉGòÉGòÉGòÉGòÉGòÉGòÉGòÉGòÉGòÉGòÉGòÉGòÉGòÉGòÉGòÉGòÉGòÉGòÉGòÉGòÉGòÉGòÉGòÉGòÉGòÉGòÉGòÉGòÉGòÉGòÉGòÉGòÉGòÉGòÉGòÉGòÉGòÉGòÉGòÉGòÉGòÉGòÉGòÉGòÉGòÉ

=ƒö¼ Test: Extract page title from Wikipedia
   URL:  https://en.wikipedia.org/wiki/Web_browser
   Task: Extract the main heading (title) of this Wikipedia article and report it back.
GöÇGöÇGöÇGöÇGöÇGöÇGöÇGöÇGöÇGöÇGöÇGöÇGöÇGöÇGöÇGöÇGöÇGöÇGöÇGöÇGöÇGöÇGöÇGöÇGöÇGöÇGöÇGöÇGöÇGöÇGöÇGöÇGöÇGöÇGöÇGöÇGöÇGöÇGöÇGöÇGöÇGöÇGöÇGöÇGöÇGöÇGöÇGöÇGöÇGöÇGöÇGöÇGöÇGöÇGöÇGöÇGöÇGöÇGöÇGöÇ
03:44:16.205 [[32MINFO[39M] [agent] [test-mn9gl2fe] Starting agent for task: "Extract the main heading (title) of this Wikipedia article and report it back."
03:44:16.207 [[32MINFO[39M] [agent] [test-mn9gl2fe] Start URL: https://en.wikipedia.org/wiki/Web_browser
03:44:18.579 [[32MINFO[39M] [agent] [test-mn9gl2fe] GöÇGöÇ Step 1/25 GöÇGöÇ
03:44:20.625 [[32MINFO[39M] [executor] [test-mn9gl2fe] Executing: extract({"ref":null})
03:44:20.631 [[31MERROR[39M] [executor] [test-mn9gl2fe] Action failed: page.evaluate: Target page, context or browser has been closed
03:44:20.632 [[33MWARN[39M] [agent] [test-mn9gl2fe] Action failed: Action "extract" failed: page.evaluate: Target page, context or browser has been closed
03:44:20.634 [[33MWARN[39M] [recovery] [test-mn9gl2fe] Attempting recovery from: Action "extract" failed: page.evaluate: Target page, context or browser has been closed
03:44:20.664 [[31MERROR[39M] [agent] [test-mn9gl2fe] Fatal error: page.waitForTimeout: Target page, context or browser has been closed
03:44:21.205 [[32MINFO[39M] [agent] [test-mn9gl2fe] Agent finished. Success: false | Steps: 0 | Tokens: 22628

   Result: G¥î FAILED
   Message: page.waitForTimeout: Target page, context or browser has been closed
   Steps: 0 | Tokens: 22628
GöÇGöÇGöÇGöÇGöÇGöÇGöÇGöÇGöÇGöÇGöÇGöÇGöÇGöÇGöÇGöÇGöÇGöÇGöÇGöÇGöÇGöÇGöÇGöÇGöÇGöÇGöÇGöÇGöÇGöÇGöÇGöÇGöÇGöÇGöÇGöÇGöÇGöÇGöÇGöÇGöÇGöÇGöÇGöÇGöÇGöÇGöÇGöÇGöÇGöÇGöÇGöÇGöÇGöÇGöÇGöÇGöÇGöÇGöÇGöÇ

=ƒö¼ Test: Search on Google
   URL:  https://www.google.com
   Task: Search for "browser automation agent" in the search box and click the search button.
GöÇGöÇGöÇGöÇGöÇGöÇGöÇGöÇGöÇGöÇGöÇGöÇGöÇGöÇGöÇGöÇGöÇGöÇGöÇGöÇGöÇGöÇGöÇGöÇGöÇGöÇGöÇGöÇGöÇGöÇGöÇGöÇGöÇGöÇGöÇGöÇGöÇGöÇGöÇGöÇGöÇGöÇGöÇGöÇGöÇGöÇGöÇGöÇGöÇGöÇGöÇGöÇGöÇGöÇGöÇGöÇGöÇGöÇGöÇGöÇ
03:44:21.206 [[32MINFO[39M] [agent] [test-mn9gl6ad] Starting agent for task: "Search for "browser automation agent" in the search box and click the search button."
03:44:21.206 [[32MINFO[39M] [agent] [test-mn9gl6ad] Start URL: https://www.google.com
03:44:23.557 [[32MINFO[39M] [agent] [test-mn9gl6ad] GöÇGöÇ Step 1/25 GöÇGöÇ
03:44:23.722 [[33MWARN[39M] [agent] [test-mn9gl6ad] Failed to capture base64 screenshot: page.screenshot: Target page, context or browser has been closed
Call log:
[2m  - taking page screenshot[22m
[2m  - waiting for fonts to load...[22m
[2m  - fonts loaded[22m

